
Ошибка: testcc.txt (Не удается найти указанный файл)
